https://www.youtube.com/watch?v=m5bTH88BFbo
https://www.youtube.com/watch?v=YgaSOzz36M0
https://www.youtube.com/watch?v=MfjQkRazUW4
https://www.youtube.com/watch?v=YYcE2TGEIvs
https://www.youtube.com/watch?v=9x300BRdKOc
https://www.youtube.com/watch?v=XHCpBWT6JG8
https://www.youtube.com/watch?v=tGkhfd2PuAY
https://www.youtube.com/watch?v=needzUgq27M
https://www.youtube.com/watch?v=8zwyRfkQ2P4
https://www.youtube.com/watch?v=xhzV_Kf4VJQ
https://www.youtube.com/watch?v=8ty6uOMQdJo
https://www.youtube.com/watch?v=RB9sCa4Diso
https://www.youtube.com/watch?v=Xk3rOshoRvQ
https://www.youtube.com/watch?v=l3kjjfbzL0k
https://www.youtube.com/watch?v=6q7SFe6x3Qw
https://www.youtube.com/watch?v=Fz0lcViJFmY
https://www.youtube.com/watch?v=j9TkIGHZ2tY
https://www.youtube.com/watch?v=ldZJPN_0Ric
https://www.youtube.com/watch?v=4GF4tpTXlgI
https://www.youtube.com/watch?v=i-kZrKtWkVY
https://www.youtube.com/watch?v=KWEb4XnntxI
https://www.youtube.com/watch?v=t1-gJdRc5AU
https://www.youtube.com/watch?v=XPj5WHb-XOI
https://www.youtube.com/watch?v=Ob4wd1V6DRU
https://www.youtube.com/watch?v=EF-zccoceW0
https://www.youtube.com/watch?v=tIun6f5WDVc
https://www.youtube.com/watch?v=MgKHJnQtG5c
https://www.youtube.com/watch?v=WnUXK7lgGAw
https://www.youtube.com/watch?v=WBWt73ZFSz0
https://www.youtube.com/watch?v=OmGGXWfvj5s
https://www.youtube.com/watch?v=M6MOMNKbcoM
https://www.youtube.com/watch?v=o_4-L-f_jvY
https://www.youtube.com/watch?v=aqBvohcle28
https://www.youtube.com/watch?v=n4oj4LIVZv4
https://www.youtube.com/watch?v=GdroduLO9ZI