https://www.youtube.com/watch?v=xn7wPPSh6yI
https://www.youtube.com/watch?v=3qTosMXSTLs
https://www.youtube.com/watch?v=2Kbp3WoFSv4
https://www.youtube.com/watch?v=bBj7QqmFNPw
https://www.youtube.com/watch?v=3G8vNsZeGm4
https://www.youtube.com/watch?v=hyNG-vAtu3U
https://www.youtube.com/watch?v=jcnu9Q5Dm2A
https://www.youtube.com/watch?v=FBDLlpg1P_I
https://www.youtube.com/watch?v=6TZuGFpyX28
https://www.youtube.com/watch?v=cXbBWKPQbKw
https://www.youtube.com/watch?v=uPxn9VFWsIg
https://www.youtube.com/watch?v=i6A3N11QA58
https://www.youtube.com/watch?v=w7CTOkNWemc
https://www.youtube.com/watch?v=T4h1t7QQY64
https://www.youtube.com/watch?v=8nIdI_C9huA
https://www.youtube.com/watch?v=vkNDO7sf1p4
https://www.youtube.com/watch?v=__Eo-dvEH7g
https://www.youtube.com/watch?v=3PeHnWIJLNI
https://www.youtube.com/watch?v=0UlOohkMZnI
https://www.youtube.com/watch?v=4XifVPbiPT4
https://www.youtube.com/watch?v=5bsarWVRBBw
https://www.youtube.com/watch?v=jd5xjDJHsI8
https://www.youtube.com/watch?v=xrRFKEdtQIc
https://www.youtube.com/watch?v=6HUhbK5dOnk
https://www.youtube.com/watch?v=Eow6_5yTv1s
https://www.youtube.com/watch?v=rt3IVOsKRoU
https://www.youtube.com/watch?v=-fRmIgbydjY
https://www.youtube.com/watch?v=Wg-jjMXU7gY
https://www.youtube.com/watch?v=2pd-YbF3lj0
https://www.youtube.com/watch?v=mH0g0IV68wA
https://www.youtube.com/watch?v=3HwDNde7Y4k
https://www.youtube.com/watch?v=fSz18jA_FT8
https://www.youtube.com/watch?v=evgiCrGaFOI
https://www.youtube.com/watch?v=iMFovAX7ZI4
https://www.youtube.com/watch?v=y_bf7UODoDY
https://www.youtube.com/watch?v=YXYGJxjXNQ4
https://www.youtube.com/watch?v=RMbvEULOtqc
https://www.youtube.com/watch?v=SCwZ_fMtp_E
https://www.youtube.com/watch?v=WAJJaqM9-B8
https://www.youtube.com/watch?v=vZBmWVW3O8U
https://www.youtube.com/watch?v=s_DBjTojgwU
https://www.youtube.com/watch?v=-N_j1PpgGnE
https://www.youtube.com/watch?v=ng4VivKkByc
https://www.youtube.com/watch?v=yqOlY5uBBbo
https://www.youtube.com/watch?v=qGp1sgv9hm8
https://www.youtube.com/watch?v=M-3cS51G6oQ
https://www.youtube.com/watch?v=EJpKDAJcnHE
https://www.youtube.com/watch?v=FTm-y0JTlDk
https://www.youtube.com/watch?v=zMWurjm1Ej4
https://www.youtube.com/watch?v=pF7MlQKd3KU
https://www.youtube.com/watch?v=x0fMO2OehN0
https://www.youtube.com/watch?v=vU0-R1w-hcQ
https://www.youtube.com/watch?v=KNM8w4kFiB0
https://www.youtube.com/watch?v=BkBumUzv73U
https://www.youtube.com/watch?v=T96LyBlSRM4
https://www.youtube.com/watch?v=6vuFh6NNa70
https://www.youtube.com/watch?v=6g9dSth3p_w
https://www.youtube.com/watch?v=FmI6pcE5GPU
https://www.youtube.com/watch?v=MJ6uRDa1oJ0
https://www.youtube.com/watch?v=33XDY0cb86Q
https://www.youtube.com/watch?v=HC9FDfuUpKQ
https://www.youtube.com/watch?v=B-giWTnAYPw
https://www.youtube.com/watch?v=FuIh710CUao
https://www.youtube.com/watch?v=RsrpV-GweKc
https://www.youtube.com/watch?v=BE31Y46s-uQ
https://www.youtube.com/watch?v=_wfSCvsaaos
https://www.youtube.com/watch?v=VOCNWyy3zJU
https://www.youtube.com/watch?v=i3QkRrovOV0